Flow report for SeqShiftUnit_Demo
Fri Mar 22 11:43:51 2024
Quartus Prime Version 22.1std.2 Build 922 07/20/2023 SC Lite Edition


---------------------
; Table of Contents ;
---------------------
  1. Legal Notice
  2. Flow Summary
  3. Flow Settings
  4. Flow Non-Default Global Settings
  5. Flow Elapsed Time
  6. Flow OS Summary
  7. Flow Log
  8. Flow Messages
  9. Flow Suppressed Messages



----------------
; Legal Notice ;
----------------
Copyright (C) 2023  Intel Corporation. All rights reserved.
Your use of Intel Corporation's design tools, logic functions 
and other software and tools, and any partner logic 
functions, and any output files from any of the foregoing 
(including device programming or simulation files), and any 
associated documentation or information are expressly subject 
to the terms and conditions of the Intel Program License 
Subscription Agreement, the Intel Quartus Prime License Agreement,
the Intel FPGA IP License Agreement, or other applicable license
agreement, including, without limitation, that your use is for
the sole purpose of programming logic devices manufactured by
Intel and sold by Intel or its authorized distributors.  Please
refer to the applicable agreement for further details, at
https://fpgasoftware.intel.com/eula.



+-------------------------------------------------------------------------------------+
; Flow Summary                                                                        ;
+------------------------------------+------------------------------------------------+
; Flow Status                        ; Successful - Fri Mar 22 11:43:51 2024          ;
; Quartus Prime Version              ; 22.1std.2 Build 922 07/20/2023 SC Lite Edition ;
; Revision Name                      ; SeqShiftUnit_Demo                              ;
; Top-level Entity Name              ; SeqShiftUnit                                   ;
; Family                             ; Cyclone IV E                                   ;
; Device                             ; EP4CE115F29C7                                  ;
; Timing Models                      ; Final                                          ;
; Total logic elements               ; 12 / 114,480 ( < 1 % )                         ;
;     Total combinational functions  ; 11 / 114,480 ( < 1 % )                         ;
;     Dedicated logic registers      ; 8 / 114,480 ( < 1 % )                          ;
; Total registers                    ; 8                                              ;
; Total pins                         ; 23 / 529 ( 4 % )                               ;
; Total virtual pins                 ; 0                                              ;
; Total memory bits                  ; 0 / 3,981,312 ( 0 % )                          ;
; Embedded Multiplier 9-bit elements ; 0 / 532 ( 0 % )                                ;
; Total PLLs                         ; 0 / 4 ( 0 % )                                  ;
+------------------------------------+------------------------------------------------+


+-----------------------------------------+
; Flow Settings                           ;
+-------------------+---------------------+
; Option            ; Setting             ;
+-------------------+---------------------+
; Start date & time ; 03/22/2024 11:39:36 ;
; Main task         ; Compilation         ;
; Revision Name     ; SeqShiftUnit_Demo   ;
+-------------------+---------------------+


+-----------------------------------------------------------------------------------------------------------------------------------------------------+
; Flow Non-Default Global Settings                                                                                                                    ;
+-------------------------------------+----------------------------------------+-------------------+--------------+-----------------------------------+
; Assignment Name                     ; Value                                  ; Default Value     ; Entity Name  ; Section Id                        ;
+-------------------------------------+----------------------------------------+-------------------+--------------+-----------------------------------+
; COMPILER_SIGNATURE_ID               ; 277083306290105.171110757533783        ; --                ; --           ; --                                ;
; EDA_GENERATE_FUNCTIONAL_NETLIST     ; Off                                    ; --                ; --           ; eda_board_design_timing           ;
; EDA_GENERATE_FUNCTIONAL_NETLIST     ; Off                                    ; --                ; --           ; eda_board_design_boundary_scan    ;
; EDA_GENERATE_FUNCTIONAL_NETLIST     ; Off                                    ; --                ; --           ; eda_board_design_signal_integrity ;
; EDA_GENERATE_FUNCTIONAL_NETLIST     ; Off                                    ; --                ; --           ; eda_board_design_symbol           ;
; EDA_OUTPUT_DATA_FORMAT              ; Vhdl                                   ; --                ; --           ; eda_simulation                    ;
; EDA_SIMULATION_TOOL                 ; ModelSim (VHDL)                        ; <None>            ; --           ; --                                ;
; EDA_TIME_SCALE                      ; 1 ps                                   ; --                ; --           ; eda_simulation                    ;
; MAX_CORE_JUNCTION_TEMP              ; 85                                     ; --                ; --           ; --                                ;
; MIN_CORE_JUNCTION_TEMP              ; 0                                      ; --                ; --           ; --                                ;
; NOMINAL_CORE_SUPPLY_VOLTAGE         ; 1.2V                                   ; --                ; --           ; --                                ;
; PARTITION_COLOR                     ; -- (Not supported for targeted family) ; --                ; SeqShiftUnit ; Top                               ;
; PARTITION_FITTER_PRESERVATION_LEVEL ; -- (Not supported for targeted family) ; --                ; SeqShiftUnit ; Top                               ;
; PARTITION_NETLIST_TYPE              ; -- (Not supported for targeted family) ; --                ; SeqShiftUnit ; Top                               ;
; PROJECT_OUTPUT_DIRECTORY            ; output_files                           ; --                ; --           ; --                                ;
; TOP_LEVEL_ENTITY                    ; SeqShiftUnit                           ; SeqShiftUnit_Demo ; --           ; --                                ;
+-------------------------------------+----------------------------------------+-------------------+--------------+-----------------------------------+


+--------------------------------------------------------------------------------------------------------------------------+
; Flow Elapsed Time                                                                                                        ;
+----------------------+--------------+-------------------------+---------------------+------------------------------------+
; Module Name          ; Elapsed Time ; Average Processors Used ; Peak Virtual Memory ; Total CPU Time (on all processors) ;
+----------------------+--------------+-------------------------+---------------------+------------------------------------+
; Analysis & Synthesis ; 00:00:09     ; 1.0                     ; 451 MB              ; 00:00:21                           ;
; Fitter               ; 00:00:17     ; 1.0                     ; 1278 MB             ; 00:00:27                           ;
; Assembler            ; 00:00:03     ; 1.0                     ; 369 MB              ; 00:00:03                           ;
; Timing Analyzer      ; 00:00:02     ; 1.0                     ; 564 MB              ; 00:00:02                           ;
; EDA Netlist Writer   ; 00:00:00     ; 1.0                     ; 606 MB              ; 00:00:00                           ;
; EDA Netlist Writer   ; 00:00:01     ; 1.0                     ; 597 MB              ; 00:00:00                           ;
; EDA Netlist Writer   ; 00:00:00     ; 1.0                     ; 597 MB              ; 00:00:00                           ;
; EDA Netlist Writer   ; 00:00:00     ; 1.0                     ; 597 MB              ; 00:00:00                           ;
; EDA Netlist Writer   ; 00:00:01     ; 1.0                     ; 597 MB              ; 00:00:00                           ;
; EDA Netlist Writer   ; 00:00:00     ; 1.0                     ; 597 MB              ; 00:00:00                           ;
; EDA Netlist Writer   ; 00:00:00     ; 1.0                     ; 597 MB              ; 00:00:00                           ;
; Total                ; 00:00:33     ; --                      ; --                  ; 00:00:53                           ;
+----------------------+--------------+-------------------------+---------------------+------------------------------------+


+-----------------------------------------------------------------------------------------------------------------+
; Flow OS Summary                                                                                                 ;
+----------------------+-------------------------------------------+----------------+------------+----------------+
; Module Name          ; Machine Hostname                          ; OS Name        ; OS Version ; Processor type ;
+----------------------+-------------------------------------------+----------------+------------+----------------+
; Analysis & Synthesis ; tiago-HP-Pavilion-Gaming-Laptop-15-cx0xxx ; Ubuntu 22.04.4 ; 22         ; x86_64         ;
; Fitter               ; tiago-HP-Pavilion-Gaming-Laptop-15-cx0xxx ; Ubuntu 22.04.4 ; 22         ; x86_64         ;
; Assembler            ; tiago-HP-Pavilion-Gaming-Laptop-15-cx0xxx ; Ubuntu 22.04.4 ; 22         ; x86_64         ;
; Timing Analyzer      ; tiago-HP-Pavilion-Gaming-Laptop-15-cx0xxx ; Ubuntu 22.04.4 ; 22         ; x86_64         ;
; EDA Netlist Writer   ; tiago-HP-Pavilion-Gaming-Laptop-15-cx0xxx ; Ubuntu 22.04.4 ; 22         ; x86_64         ;
; EDA Netlist Writer   ; tiago-HP-Pavilion-Gaming-Laptop-15-cx0xxx ; Ubuntu 22.04.4 ; 22         ; x86_64         ;
; EDA Netlist Writer   ; tiago-HP-Pavilion-Gaming-Laptop-15-cx0xxx ; Ubuntu 22.04.4 ; 22         ; x86_64         ;
; EDA Netlist Writer   ; tiago-HP-Pavilion-Gaming-Laptop-15-cx0xxx ; Ubuntu 22.04.4 ; 22         ; x86_64         ;
; EDA Netlist Writer   ; tiago-HP-Pavilion-Gaming-Laptop-15-cx0xxx ; Ubuntu 22.04.4 ; 22         ; x86_64         ;
; EDA Netlist Writer   ; tiago-HP-Pavilion-Gaming-Laptop-15-cx0xxx ; Ubuntu 22.04.4 ; 22         ; x86_64         ;
; EDA Netlist Writer   ; tiago-HP-Pavilion-Gaming-Laptop-15-cx0xxx ; Ubuntu 22.04.4 ; 22         ; x86_64         ;
+----------------------+-------------------------------------------+----------------+------------+----------------+


------------
; Flow Log ;
------------
quartus_map --read_settings_files=on --write_settings_files=off SeqShiftUnit_Demo -c SeqShiftUnit_Demo
quartus_fit --read_settings_files=off --write_settings_files=off SeqShiftUnit_Demo -c SeqShiftUnit_Demo
quartus_asm --read_settings_files=off --write_settings_files=off SeqShiftUnit_Demo -c SeqShiftUnit_Demo
quartus_sta SeqShiftUnit_Demo -c SeqShiftUnit_Demo
quartus_eda --read_settings_files=off --write_settings_files=off SeqShiftUnit_Demo -c SeqShiftUnit_Demo
quartus_eda --gen_testbench --tool=modelsim_oem --format=vhdl --write_settings_files=off SeqShiftUnit_Demo -c SeqShiftUnit_Demo --vector_source=/home/tiago/Documents/LSD/Aula06/Parte2/Waveform.vwf --testbench_file=/home/tiago/Documents/LSD/Aula06/Parte2/simulation/qsim/Waveform.vwf.vht
quartus_eda --write_settings_files=off --simulation=on --functional=on --flatten_buses=off --tool=modelsim_oem --format=vhdl --output_directory=/home/tiago/Documents/LSD/Aula06/Parte2/simulation/qsim/ SeqShiftUnit_Demo -c SeqShiftUnit_Demo
quartus_eda --gen_testbench --tool=modelsim_oem --format=vhdl --write_settings_files=off SeqShiftUnit_Demo -c SeqShiftUnit_Demo --vector_source=/home/tiago/Documents/LSD/Aula06/Parte2/Waveform.vwf --testbench_file=/home/tiago/Documents/LSD/Aula06/Parte2/simulation/qsim/Waveform.vwf.vht
quartus_eda --write_settings_files=off --simulation=on --functional=on --flatten_buses=off --tool=modelsim_oem --format=vhdl --output_directory=/home/tiago/Documents/LSD/Aula06/Parte2/simulation/qsim/ SeqShiftUnit_Demo -c SeqShiftUnit_Demo
quartus_eda --gen_testbench --tool=modelsim_oem --format=vhdl --write_settings_files=off SeqShiftUnit_Demo -c SeqShiftUnit_Demo --vector_source=/home/tiago/Documents/LSD/Aula06/Parte2/Waveform.vwf --testbench_file=/home/tiago/Documents/LSD/Aula06/Parte2/simulation/qsim/Waveform.vwf.vht
quartus_eda --write_settings_files=off --simulation=on --functional=on --flatten_buses=off --tool=modelsim_oem --format=vhdl --output_directory=/home/tiago/Documents/LSD/Aula06/Parte2/simulation/qsim/ SeqShiftUnit_Demo -c SeqShiftUnit_Demo



