------------------------------------------------------------
Timing Analyzer Summary
------------------------------------------------------------

Type  : Slow 1200mV 85C Model Setup 'CLOCK_50'
Slack : -3.877
TNS   : -87.493

Type  : Slow 1200mV 85C Model Setup 'ClkDividerN:inst3|clkOut'
Slack : -0.247
TNS   : -0.472

Type  : Slow 1200mV 85C Model Hold 'ClkDividerN:inst3|clkOut'
Slack : 0.404
TNS   : 0.000

Type  : Slow 1200mV 85C Model Hold 'CLOCK_50'
Slack : 0.443
TNS   : 0.000

Type  : Slow 1200mV 85C Model Minimum Pulse Width 'CLOCK_50'
Slack : -3.000
TNS   : -37.695

Type  : Slow 1200mV 85C Model Minimum Pulse Width 'ClkDividerN:inst3|clkOut'
Slack : -1.285
TNS   : -5.140

Type  : Slow 1200mV 0C Model Setup 'CLOCK_50'
Slack : -3.487
TNS   : -77.849

Type  : Slow 1200mV 0C Model Setup 'ClkDividerN:inst3|clkOut'
Slack : -0.126
TNS   : -0.231

Type  : Slow 1200mV 0C Model Hold 'ClkDividerN:inst3|clkOut'
Slack : 0.354
TNS   : 0.000

Type  : Slow 1200mV 0C Model Hold 'CLOCK_50'
Slack : 0.402
TNS   : 0.000

Type  : Slow 1200mV 0C Model Minimum Pulse Width 'CLOCK_50'
Slack : -3.000
TNS   : -37.695

Type  : Slow 1200mV 0C Model Minimum Pulse Width 'ClkDividerN:inst3|clkOut'
Slack : -1.285
TNS   : -5.140

Type  : Fast 1200mV 0C Model Setup 'CLOCK_50'
Slack : -1.411
TNS   : -27.776

Type  : Fast 1200mV 0C Model Setup 'ClkDividerN:inst3|clkOut'
Slack : 0.387
TNS   : 0.000

Type  : Fast 1200mV 0C Model Hold 'ClkDividerN:inst3|clkOut'
Slack : 0.182
TNS   : 0.000

Type  : Fast 1200mV 0C Model Hold 'CLOCK_50'
Slack : 0.201
TNS   : 0.000

Type  : Fast 1200mV 0C Model Minimum Pulse Width 'CLOCK_50'
Slack : -3.000
TNS   : -31.660

Type  : Fast 1200mV 0C Model Minimum Pulse Width 'ClkDividerN:inst3|clkOut'
Slack : -1.000
TNS   : -4.000

------------------------------------------------------------
