Info: Start Nativelink Simulation process

========= EDA Simulation Settings =====================

Sim Mode              :  Gate
Family                :  cycloneive
Quartus root          :  /home/tiago/.intel_fpga_lite/22.1.2/quartus/linux64/
Quartus sim root      :  /home/tiago/.intel_fpga_lite/22.1.2/quartus/eda/sim_lib
Simulation Tool       :  modelsim
Simulation Language   :  vhdl
Version               :  93
Simulation Mode       :  GUI
Sim Output File       :  ALU16_7_1200mv_85c_slow.vho
Sim SDF File       :  ALU16_7_1200mv_85c_vhd_slow.sdo
Sim dir               :  simulation/modelsim

=======================================================

Info: Starting NativeLink simulation with ModelSim software
Sourced NativeLink script /home/tiago/.intel_fpga_lite/22.1.2/quartus/common/tcl/internal/nativelink/modelsim.tcl
Warning: File ALU16_run_msim_gate_vhdl.do already exists - backing up current file as ALU16_run_msim_gate_vhdl.do.bak1
Info: Spawning ModelSim Simulation software 
Info: NativeLink simulation flow was successful
